$ AI_ORCHESTRATION_REAL_SERVICES=1 APP_COMMIT_SHA=7877aa4f5db6a4a9742b92a3046a6a6dc9a09e55 pnpm exec playwright test --project=ai-orchestration-real --reporter=line





































Running 3 tests using 1 worker










[1A[2K[1/3] [ai-orchestration-real] › tests/e2e/ai-orchestration-v2.spec.ts:143:7 › 390x844 captures nine AI orchestration states without API interception

[1A[2K[2/3] [ai-orchestration-real] › tests/e2e/ai-orchestration-v2.spec.ts:143:7 › 1024x768 captures nine AI orchestration states without API interception
[1A[2K[3/3] [ai-orchestration-real] › tests/e2e/ai-orchestration-v2.spec.ts:143:7 › 1440x900 captures nine AI orchestration states without API interception
[1A[2K  3 passed (31.9s)

(node:19047) [DEP0205] DeprecationWarning: `module.register()` is deprecated. Use `module.registerHooks()` instead.
(Use `node --trace-deprecation ...` to show where the warning was created)
[1A[2K[2m[WebServer] [22m(node:19073) Warning: The 'NO_COLOR' env is ignored due to the 'FORCE_COLOR' env being set.
[2m[WebServer] [22m(Use `node --trace-warnings ...` to show where the warning was created)
[1A[2K[2m[WebServer] [22m[2m$ tsc --project tsconfig.json[22m
[1A[2K[2m[WebServer] [22m(node:19113) Warning: The 'NO_COLOR' env is ignored due to the 'FORCE_COLOR' env being set.
[2m[WebServer] [22m(Use `node --trace-warnings ...` to show where the warning was created)
[1A[2K[2m[WebServer] [22m[2m$ tsc --project tsconfig.json[22m
[1A[2K[2m[WebServer] [22m(node:19153) Warning: The 'NO_COLOR' env is ignored due to the 'FORCE_COLOR' env being set.
[2m[WebServer] [22m(Use `node --trace-warnings ...` to show where the warning was created)
[1A[2K[2m[WebServer] [22m[2m$ tsc --project tsconfig.json[22m
[1A[2K[2m[WebServer] [22m(node:19193) Warning: The 'NO_COLOR' env is ignored due to the 'FORCE_COLOR' env being set.
[2m[WebServer] [22m(Use `node --trace-warnings ...` to show where the warning was created)
[1A[2K[2m[WebServer] [22m[2m$ next build[22m
[1A[2K[2m[WebServer] [22m[baseline-browser-mapping] The data in this module is over two months old.  To ensure accurate Baseline data, please update: `npm i baseline-browser-mapping@latest -D`
[1A[2K[2m[WebServer] [22m(node:19208) Warning: The 'NO_COLOR' env is ignored due to the 'FORCE_COLOR' env being set.
[2m[WebServer] [22m(Use `node --trace-warnings ...` to show where the warning was created)
[1A[2K[2m[WebServer] [22m[baseline-browser-mapping] The data in this module is over two months old.  To ensure accurate Baseline data, please update: `npm i baseline-browser-mapping@latest -D`
[1A[2K[2m[WebServer] [22m(node:19208) Warning: The 'NO_COLOR' env is ignored due to the 'FORCE_COLOR' env being set.
[2m[WebServer] [22m(Use `node --trace-warnings ...` to show where the warning was created)
[1A[2K[2m[WebServer] [22m[baseline-browser-mapping] The data in this module is over two months old.  To ensure accurate Baseline data, please update: `npm i baseline-browser-mapping@latest -D`
[2m[WebServer] [22m[baseline-browser-mapping] The data in this module is over two months old.  To ensure accurate Baseline data, please update: `npm i baseline-browser-mapping@latest -D`
[1A[2K[2m[WebServer] [22m[baseline-browser-mapping] The data in this module is over two months old.  To ensure accurate Baseline data, please update: `npm i baseline-browser-mapping@latest -D`
[2m[WebServer] [22m[baseline-browser-mapping] The data in this module is over two months old.  To ensure accurate Baseline data, please update: `npm i baseline-browser-mapping@latest -D`
[1A[2K[2m[WebServer] [22m[baseline-browser-mapping] The data in this module is over two months old.  To ensure accurate Baseline data, please update: `npm i baseline-browser-mapping@latest -D`
[1A[2K[2m[WebServer] [22m[baseline-browser-mapping] The data in this module is over two months old.  To ensure accurate Baseline data, please update: `npm i baseline-browser-mapping@latest -D`
[1A[2K[2m[WebServer] [22m[baseline-browser-mapping] The data in this module is over two months old.  To ensure accurate Baseline data, please update: `npm i baseline-browser-mapping@latest -D`
[1A[2K[2m[WebServer] [22m[baseline-browser-mapping] The data in this module is over two months old.  To ensure accurate Baseline data, please update: `npm i baseline-browser-mapping@latest -D`
[1A[2K[2m[WebServer] [22m[baseline-browser-mapping] The data in this module is over two months old.  To ensure accurate Baseline data, please update: `npm i baseline-browser-mapping@latest -D`
[1A[2K[2m[WebServer] [22m(node:19224) Warning: The 'NO_COLOR' env is ignored due to the 'FORCE_COLOR' env being set.
[2m[WebServer] [22m(Use `node --trace-warnings ...` to show where the warning was created)
[1A[2K[2m[WebServer] [22m(node:19223) Warning: The 'NO_COLOR' env is ignored due to the 'FORCE_COLOR' env being set.
[2m[WebServer] [22m(Use `node --trace-warnings ...` to show where the warning was created)
[1A[2K[2m[WebServer] [22m(node:19217) Warning: The 'NO_COLOR' env is ignored due to the 'FORCE_COLOR' env being set.
[2m[WebServer] [22m(Use `node --trace-warnings ...` to show where the warning was created)
[1A[2K[2m[WebServer] [22m(node:19219) Warning: The 'NO_COLOR' env is ignored due to the 'FORCE_COLOR' env being set.
[2m[WebServer] [22m(Use `node --trace-warnings ...` to show where the warning was created)
[1A[2K[2m[WebServer] [22m(node:19218) Warning: The 'NO_COLOR' env is ignored due to the 'FORCE_COLOR' env being set.
[2m[WebServer] [22m(Use `node --trace-warnings ...` to show where the warning was created)
[1A[2K[2m[WebServer] [22m(node:19216) Warning: The 'NO_COLOR' env is ignored due to the 'FORCE_COLOR' env being set.
[2m[WebServer] [22m(Use `node --trace-warnings ...` to show where the warning was created)
[1A[2K[2m[WebServer] [22m(node:19221) Warning: The 'NO_COLOR' env is ignored due to the 'FORCE_COLOR' env being set.
[2m[WebServer] [22m(Use `node --trace-warnings ...` to show where the warning was created)
[1A[2K[2m[WebServer] [22m(node:19220) Warning: The 'NO_COLOR' env is ignored due to the 'FORCE_COLOR' env being set.
[2m[WebServer] [22m(Use `node --trace-warnings ...` to show where the warning was created)
[1A[2K[2m[WebServer] [22m(node:19222) Warning: The 'NO_COLOR' env is ignored due to the 'FORCE_COLOR' env being set.
[2m[WebServer] [22m(Use `node --trace-warnings ...` to show where the warning was created)
[1A[2K[2m[WebServer] [22m[baseline-browser-mapping] The data in this module is over two months old.  To ensure accurate Baseline data, please update: `npm i baseline-browser-mapping@latest -D`
[1A[2K[2m[WebServer] [22m(node:19225) Warning: The 'NO_COLOR' env is ignored due to the 'FORCE_COLOR' env being set.
[2m[WebServer] [22m(Use `node --trace-warnings ...` to show where the warning was created)
[1A[2K[2m[WebServer] [22m(node:19053) Warning: The 'NO_COLOR' env is ignored due to the 'FORCE_COLOR' env being set.
[2m[WebServer] [22m(Use `node --trace-warnings ...` to show where the warning was created)
[1A[2K[2m[WebServer] [22m[web] (node:19256) Warning: The 'NO_COLOR' env is ignored due to the 'FORCE_COLOR' env being set.
[2m[WebServer] [22m(Use `node --trace-warnings ...` to show where the warning was created)
[1A[2K[2m[WebServer] [22m[web] (node:19260) Warning: The 'NO_COLOR' env is ignored due to the 'FORCE_COLOR' env being set.
[2m[WebServer] [22m(Use `node --trace-warnings ...` to show where the warning was created)
[1A[2K[2m[WebServer] [22m[ai] (node:19235) Warning: The 'NO_COLOR' env is ignored due to the 'FORCE_COLOR' env being set.
[2m[WebServer] [22m(Use `node --trace-warnings ...` to show where the warning was created)
[1A[2K[2m[WebServer] [22m[web] [baseline-browser-mapping] The data in this module is over two months old.  To ensure accurate Baseline data, please update: `npm i baseline-browser-mapping@latest -D`
[1A[2K[2m[WebServer] [22m[web]  ⚠ "next start" does not work with "output: standalone" configuration. Use "node .next/standalone/server.js" instead.
[1A[2K[2m[WebServer] [22m[api] INFO:     Started server process [19236]
[1A[2K[2m[WebServer] [22m[api] INFO:     Waiting for application startup.
[1A[2K[2m[WebServer] [22m[api] INFO:     Application startup complete.
[1A[2K[2m[WebServer] [22m[api] INFO:     Uvicorn running on http://127.0.0.1:8310 (Press CTRL+C to quit)
[1A[2K(node:19266) Warning: The 'NO_COLOR' env is ignored due to the 'FORCE_COLOR' env being set.
(Use `node --trace-warnings ...` to show where the warning was created)
[1A[2K(node:19266) [DEP0205] DeprecationWarning: `module.register()` is deprecated. Use `module.registerHooks()` instead.
[1A[2K(node:19266) Warning: The 'NO_COLOR' env is ignored due to the 'FORCE_COLOR' env being set.
(Use `node --trace-warnings ...` to show where the warning was created)
[1A[2K[2m[WebServer] [22m[web] (node:19260) [DEP0060] DeprecationWarning: The `util._extend` API is deprecated. Please use Object.assign() instead.
